452490cc7ad9a0b853204e091391f9ce3ecfeeaaf56a2950dd4c9a9bcce306bf