01efd846750e5b124c56deab0326185e9f14fdec123ac55e3b5605958a368a92